<object-stream>
<org.drools.core.audit.WorkingMemoryLog>
  <version>6.1</version>
  <events>
    <org.drools.core.audit.event.ActivationLogEvent>
      <type>4</type>
      <activationId>Init [0]</activationId>
      <rule>Init</rule>
      <declarations></declarations>
      <factHandleIds>0</factHandleIds>
    </org.drools.core.audit.event.ActivationLogEvent>
    <org.drools.core.audit.event.ActivationLogEvent>
      <type>6</type>
      <activationId>Init [0]</activationId>
      <rule>Init</rule>
      <declarations></declarations>
      <factHandleIds>0</factHandleIds>
    </org.drools.core.audit.event.ActivationLogEvent>
    <org.drools.core.audit.event.ObjectLogEvent>
      <type>1</type>
      <factId>1</factId>
      <objectToString>Question( question=Want your night to be action packed?, answer=null )</objectToString>
    </org.drools.core.audit.event.ObjectLogEvent>
    <org.drools.core.audit.event.ActivationLogEvent>
      <type>7</type>
      <activationId>Init [0]</activationId>
      <rule>Init</rule>
      <declarations></declarations>
      <factHandleIds>0</factHandleIds>
    </org.drools.core.audit.event.ActivationLogEvent>
    <org.drools.core.audit.event.ActivationLogEvent>
      <type>4</type>
      <activationId>Ask about action [1]</activationId>
      <rule>Ask about action</rule>
      <declarations>question=Question( question=Want your night to be action packed?, answer=null )</declarations>
      <factHandleIds>1</factHandleIds>
    </org.drools.core.audit.event.ActivationLogEvent>
    <org.drools.core.audit.event.ActivationLogEvent>
      <type>6</type>
      <activationId>Ask about action [1]</activationId>
      <rule>Ask about action</rule>
      <declarations>question=Question( question=Want your night to be action packed?, answer=null )</declarations>
      <factHandleIds>1</factHandleIds>
    </org.drools.core.audit.event.ActivationLogEvent>
    <org.drools.core.audit.event.ObjectLogEvent>
      <type>2</type>
      <factId>1</factId>
      <objectToString>Question( question=Want your night to be action packed?, answer=Yes )</objectToString>
    </org.drools.core.audit.event.ObjectLogEvent>
    <org.drools.core.audit.event.ActivationLogEvent>
      <type>7</type>
      <activationId>Ask about action [1]</activationId>
      <rule>Ask about action</rule>
      <declarations>question=Question( question=Want your night to be action packed?, answer=Yes )</declarations>
      <factHandleIds>1</factHandleIds>
    </org.drools.core.audit.event.ActivationLogEvent>
    <org.drools.core.audit.event.ActivationLogEvent>
      <type>4</type>
      <activationId>Ask about Terminator [1]</activationId>
      <rule>Ask about Terminator</rule>
      <declarations>question=Question( question=Want your night to be action packed?, answer=Yes )</declarations>
      <factHandleIds>1</factHandleIds>
    </org.drools.core.audit.event.ActivationLogEvent>
    <org.drools.core.audit.event.ActivationLogEvent>
      <type>6</type>
      <activationId>Ask about Terminator [1]</activationId>
      <rule>Ask about Terminator</rule>
      <declarations>question=Question( question=Want your night to be action packed?, answer=Yes )</declarations>
      <factHandleIds>1</factHandleIds>
    </org.drools.core.audit.event.ActivationLogEvent>
    <org.drools.core.audit.event.ObjectLogEvent>
      <type>2</type>
      <factId>1</factId>
      <objectToString>Question( question=Have you seen The Terminator?, answer=Yes )</objectToString>
    </org.drools.core.audit.event.ObjectLogEvent>
    <org.drools.core.audit.event.ActivationLogEvent>
      <type>7</type>
      <activationId>Ask about Terminator [1]</activationId>
      <rule>Ask about Terminator</rule>
      <declarations>question=Question( question=Have you seen The Terminator?, answer=Yes )</declarations>
      <factHandleIds>1</factHandleIds>
    </org.drools.core.audit.event.ActivationLogEvent>
    <org.drools.core.audit.event.ActivationLogEvent>
      <type>4</type>
      <activationId>Recommend Terminator 2 [1]</activationId>
      <rule>Recommend Terminator 2</rule>
      <declarations>question=Question( question=Have you seen The Terminator?, answer=Yes )</declarations>
      <factHandleIds>1</factHandleIds>
    </org.drools.core.audit.event.ActivationLogEvent>
    <org.drools.core.audit.event.ActivationLogEvent>
      <type>6</type>
      <activationId>Recommend Terminator 2 [1]</activationId>
      <rule>Recommend Terminator 2</rule>
      <declarations>question=Question( question=Have you seen The Terminator?, answer=Yes )</declarations>
      <factHandleIds>1</factHandleIds>
    </org.drools.core.audit.event.ActivationLogEvent>
    <org.drools.core.audit.event.ActivationLogEvent>
      <type>7</type>
      <activationId>Recommend Terminator 2 [1]</activationId>
      <rule>Recommend Terminator 2</rule>
      <declarations>question=Question( question=Have you seen The Terminator?, answer=Yes )</declarations>
      <factHandleIds>1</factHandleIds>
    </org.drools.core.audit.event.ActivationLogEvent>
  </events>
</org.drools.core.audit.WorkingMemoryLog>
</object-stream>
